--- SAGE Canon Compiled ---
[SEC-TRUST-BOUNDARIES] MUST_NOT: Agents MUST NOT invent trust boundaries; they must...
[ARCH-SUPREME-AUTHORITY] MUST: This file overrides all other docs and comments....
[ARCH-SYSTEM-BOUNDARIES] MUST: Agents MUST strictly adhere to system boundaries: ...
[A1] MUST: Canonical precedence order must be followed as dec...
[A2] MUST: Every request must be classified into exactly one ...
[A3] MUST: Skills may execute only deterministic procedures a...
[A4] MUST: Non-trivial work requires spec artifacts (requirem...
[A5] MUST: Refusal is required when canon conflicts exist, ta...
[A6] MUST_NOT: Protected zones (governance, canon) cannot be modi...
[A7] MUST: Canon may only change through formal mutation proc...
[A8] MUST_NOT: Agents MUST NOT introduce structural patterns not ...
[A9] MUST: Outputs MUST converge structurally given the same ...
[A10] MUST: When execution pauses for validation, the agent MU...
[SKILL_BOUNDS] REQUIRE: Skill execution requires explicit skill capability...
[DEEP_CONTEXT_BLOCK_REQUIRED] REQUIRE: Deep Governance Mode requires reasoning_context (s...
[DEEP_CONTEXT_NO_INFERENCE] DENY: Deep Governance Mode forbids inference. Use eviden...
[DEEP_CONTEXT_NO_IMPLEMENTATION] DENY: Deep Governance Mode is analysis-only. Implementat...
[DEEP_CONTEXT_GATE_SPEC_AND_EXEC] REQUIRE: Cannot enter Spec/Exec until reasoning_context is ...
[ARCH_INVARIANTS] DENY: Architecture invariant violated....
[REQUIREMENTS_HAS_FAILURE_MODELING] REQUIRE: requirements.md must include a "Failure Modeling" ...
[REQUIREMENTS_HAS_TRACEABILITY_MATRIX] REQUIRE: requirements.md must include a "Traceability Matri...
[SPEC_ARTIFACTS_PRESENT] REQUIRE: Spec artifacts missing. requirements.md, design.md...
[GAP_REPORT_REQUIRED_RULE] REQUIRE: Brownfield modification detected. GAP_REPORT.md is...
[GAP_REPORT_BLOCKERS_MUST_BE_RESOLVED] REQUIRE: All BLOCKER gaps must be resolved or explicitly va...
[HANDOVER_PRESENT_IF_INCOMPLETE] REQUIRE: HANDOVER.md is required when execution stops befor...
[HANDOVER_PRESENT_FOR_SESSION_RESUME] REQUIRE: HANDOVER.md must exist to rehydrate deterministic ...
[TASKS_REQUIRE_REQ_LINKS] REQUIRE: tasks.md must link each task to at least one requi...
[TASKS_REQUIRE_FILES_MODIFIED] REQUIRE: tasks.md must include "Files Modified:" for each t...
[TASK_GROUP_REQUIRED] REQUIRE: Request must be classified into a single task grou...
[TASK_GROUP_SINGLE_SELECTION] DENY: Exactly one task group may be active per request....
[TASK_GROUP_NO_IMPLICIT_RECLASSIFICATION] DENY: Task group reclassification requires HITL confirma...
[TASK_GROUP_MODE_ALIGNMENT] REQUIRE: Mode must align with task group classification....
[SECURITY_CANON_MUTATION] REQUIRE: Canon mutation requires governance capability....
[SECURITY_PROTECTED_ZONES] DENY: Protected zones cannot be modified....
[SECURITY_SCOPE_REQUIRED] REQUIRE: Mutations require declared scope....
[SECURITY_TOOL_RESTRICTIONS] REQUIRE: Tool execution requires CAN_RUN_TOOL....
[SECURITY_TOOL_DENYLIST] DENY: Command pattern is denied....
[IDENTITY_CANON_SUPREMACY] DENY: Conflicts with Canon: refusal required....
[IDENTITY_DRIFT_THRESHOLD] DENY: Governance drift threshold exceeded....
[IDENTITY_VERSION_LOCK] DENY: Canon integrity hash mismatch....
[HANDOVER_VALIDATED_ON_RESUME] REQUIRE: HANDOVER.md must be present and validated before r...
[CANON_HASH_MATCH_ON_RESUME] REQUIRE: Canon hash mismatch detected. Execution blocked un...
[NO_EXEC_WITHOUT_DEEP_REENTRY] REQUIRE: Deep Governance Mode must be re-entered before res...
[PROCESS_ACCEPTANCE_CRITERIA] REQUIRE: Acceptance criteria required....
[PROCESS_SPEC_REQUIRED] REQUIRE: Spec approval required for this task group....
[PROCESS_SINGLE_TASK] DENY: Only one active task may run....
[PROCESS_GOVERNANCE_TASK_REQUIRED] DENY: Governance changes require GOVERNANCE_CHANGE task ...
[BOOTSTRAP_NO_LOCAL_CANON] DENY: Target Repository MUST NOT contain canonical docum...
[BOOTSTRAP_PINNED_REF_REQUIRED] REQUIRE: governance.yaml must specify a pinned commit SHA. ...
[BOOTSTRAP_CANON_CACHE_RESOLUTION] REQUIRE: Canon must be resolved from pinned external ref vi...
[BOOTSTRAP_NO_PROMPT_CANON_OVERRIDE] DENY: Prompts MUST NOT override canon resolution. govern...
[BOOTSTRAP_HITL_REQUIRED] REQUIRE: Bootstrap must end with [AWAIT_HUMAN_VALIDATION] b...
[ENF-MATRIX-ADHERENCE] MUST: Agents MUST adhere to the enforcement levels defin...
[INV-RULE-OF-LAW] MUST_NOT: No code change can bypass ARCHITECTURE_RULES.md....
[INV-ZERO-HALLUCINATION] MUST: Every implementation detail must be traceable to a...
[INV-TRACEABILITY] MUST: Every system mutation must be recorded in .jtasks/...
[INV-ENFORCEMENT-REFUSAL] MUST: The agent MUST refuse any request that breaks a sy...
---------------------------
SUCCESS: 57 rules verified.
